
> crewrouter@1.0.0 test:blora-navbar-runtime
> node scripts/verify-blora-navbar-runtime.js

node:internal/assert/utils:77
    throw err;
    ^

AssertionError [ERR_ASSERTION]: index.html: navbar exists
    at Object.<anonymous> (/data/CrewRouter/scripts/verify-blora-navbar-runtime.js:14:10)
    at Module._compile (node:internal/modules/cjs/loader:1804:14)
    at Object..js (node:internal/modules/cjs/loader:1936:10)
    at Module.load (node:internal/modules/cjs/loader:1525:32)
    at Module._load (node:internal/modules/cjs/loader:1327:12)
    at TracingChannel.traceSync (node:diagnostics_channel:328:14)
    at wrapModuleLoad (node:internal/modules/cjs/loader:245:24)
    at Module.executeUserEntryPoint [as runMain] (node:internal/modules/run_main:154:5)
    at node:internal/main/run_main_module:33:47 {
  generatedMessage: false,
  code: 'ERR_ASSERTION',
  actual: '',
  expected: true,
  operator: '==',
  diff: 'simple'
}

Node.js v24.13.1
