{"chromeProfile":"/tmp/blora-correction-chrome-DnpyMB"}

DevTools listening on ws://127.0.0.1:18572/devtools/browser/0ddc0d66-836f-40e3-b38a-65862612f9b9
[137891:137928:1001/135826.138069:ERROR:google_apis/gcm/engine/registration_request.cc:291] Registration response error message: PHONE_REGISTRATION_ERROR
[137891:137928:1001/135826.138703:ERROR:google_apis/gcm/engine/registration_request.cc:291] Registration response error message: PHONE_REGISTRATION_ERROR
[137891:137928:1001/135826.148864:ERROR:google_apis/gcm/engine/registration_request.cc:291] Registration response error message: PHONE_REGISTRATION_ERROR
Created TensorFlow Lite XNNPACK delegate for CPU.
[137891:137928:1001/135854.270705:ERROR:google_apis/gcm/engine/registration_request.cc:291] Registration response error message: DEPRECATED_ENDPOINT
[137891:137928:1001/135926.261246:ERROR:google_apis/gcm/engine/connection_factory_impl.cc:484] ConnectionHandler failed with net error: -2
[137891:137928:1001/135951.713092:ERROR:google_apis/gcm/engine/registration_request.cc:291] Registration response error message: DEPRECATED_ENDPOINT
[137891:137928:1001/140026.555586:ERROR:google_apis/gcm/engine/connection_factory_impl.cc:484] ConnectionHandler failed with net error: -2
Warning: maxDynamicUniformBuffersPerPipelineLayout artificially reduced from 500000 to 16 to fit dynamic offset allocation limit.
Warning: maxDynamicStorageBuffersPerPipelineLayout artificially reduced from 500000 to 16 to fit dynamic offset allocation limit.
WARNING: All log messages before absl::InitializeLog() is called are written to STDERR
I0000 00:00:1790834482.509822  140189 environment.cc:523] Selected adapter: SwiftShader Device (Subzero), arch=swiftshader, vendor=google, backend=Vulkan, adapterType=CPU / Software
[140189:140189:1001/140122.513776:ERROR:services/on_device_model/ml/chrome_ml.cc:101] Terminating On-Device Model Service: Failed creation: Failed to create device:
Required limit (14336) is greater than the supported limit (8192).
 - While validating maxTextureDimension2D
 - While validating required limits

[137891:137891:1001/140122.519029:ERROR:services/on_device_model/public/cpp/service_client.cc:37] Unexpected on_device_model service disconnect; reason: 0, description:
[137891:137928:1001/140124.257687:ERROR:google_apis/gcm/engine/registration_request.cc:291] Registration response error message: DEPRECATED_ENDPOINT
[137891:137928:1001/140126.822582:ERROR:google_apis/gcm/engine/connection_factory_impl.cc:484] ConnectionHandler failed with net error: -2
[137891:137928:1001/140227.095700:ERROR:google_apis/gcm/engine/connection_factory_impl.cc:484] ConnectionHandler failed with net error: -2
[137891:137928:1001/140327.378335:ERROR:google_apis/gcm/engine/connection_factory_impl.cc:484] ConnectionHandler failed with net error: -2
[137891:137928:1001/140427.660134:ERROR:google_apis/gcm/engine/connection_factory_impl.cc:484] ConnectionHandler failed with net error: -2
[137891:137928:1001/140429.197282:ERROR:google_apis/gcm/engine/registration_request.cc:291] Registration response error message: DEPRECATED_ENDPOINT
[137891:137928:1001/140528.012950:ERROR:google_apis/gcm/engine/connection_factory_impl.cc:484] ConnectionHandler failed with net error: -2
[137891:137928:1001/140628.302926:ERROR:google_apis/gcm/engine/connection_factory_impl.cc:484] ConnectionHandler failed with net error: -2
[137891:137891:1001/140651.692434:ERROR:chrome/browser/ui/views/user_education/impl/browser_user_education_interface_impl.cc:186] Attempting to show IPH IPH_ExtensionsZeroStatePromo before browser initialization complete; IPH will not be shown.
[137891:137928:1001/140728.593453:ERROR:google_apis/gcm/engine/connection_factory_impl.cc:484] ConnectionHandler failed with net error: -2
[137891:137928:1001/140828.869468:ERROR:google_apis/gcm/engine/connection_factory_impl.cc:484] ConnectionHandler failed with net error: -2
[137891:137928:1001/140929.125108:ERROR:google_apis/gcm/engine/connection_factory_impl.cc:484] ConnectionHandler failed with net error: -2
[137891:137928:1001/141029.402322:ERROR:google_apis/gcm/engine/connection_factory_impl.cc:484] ConnectionHandler failed with net error: -2
[137891:137928:1001/141059.702086:ERROR:google_apis/gcm/engine/registration_request.cc:291] Registration response error message: DEPRECATED_ENDPOINT
[137891:137928:1001/141129.661306:ERROR:google_apis/gcm/engine/connection_factory_impl.cc:484] ConnectionHandler failed with net error: -2
[137891:137928:1001/141229.933052:ERROR:google_apis/gcm/engine/connection_factory_impl.cc:484] ConnectionHandler failed with net error: -2
[137891:137928:1001/141330.211255:ERROR:google_apis/gcm/engine/connection_factory_impl.cc:484] ConnectionHandler failed with net error: -2
[137891:137891:1001/141423.609169:ERROR:chrome/browser/ui/views/user_education/impl/browser_user_education_interface_impl.cc:186] Attempting to show IPH IPH_ExtensionsZeroStatePromo before browser initialization complete; IPH will not be shown.
[137891:137928:1001/141430.477946:ERROR:google_apis/gcm/engine/connection_factory_impl.cc:484] ConnectionHandler failed with net error: -2
[137891:137928:1001/141530.761577:ERROR:google_apis/gcm/engine/connection_factory_impl.cc:484] ConnectionHandler failed with net error: -2
[137891:137928:1001/141631.036578:ERROR:google_apis/gcm/engine/connection_factory_impl.cc:484] ConnectionHandler failed with net error: -2
[137891:137928:1001/141731.331389:ERROR:google_apis/gcm/engine/connection_factory_impl.cc:484] ConnectionHandler failed with net error: -2
[137891:137928:1001/141831.601068:ERROR:google_apis/gcm/engine/connection_factory_impl.cc:484] ConnectionHandler failed with net error: -2
[137891:137928:1001/141931.886403:ERROR:google_apis/gcm/engine/connection_factory_impl.cc:484] ConnectionHandler failed with net error: -2
[137891:137891:1001/141933.892055:ERROR:mojo/public/cpp/bindings/lib/interface_endpoint_client.cc:748] Message 2 rejected by interface blink.mojom.Widget
[137891:137891:1001/141933.892483:ERROR:mojo/public/cpp/bindings/lib/interface_endpoint_client.cc:748] Message 6 rejected by interface blink.mojom.WidgetHost
[137891:137891:1001/141933.892576:ERROR:mojo/public/cpp/bindings/lib/interface_endpoint_client.cc:748] Message 7 rejected by interface blink.mojom.WidgetHost
[137891:137928:1001/142032.173729:ERROR:google_apis/gcm/engine/connection_factory_impl.cc:484] ConnectionHandler failed with net error: -2
[137891:137928:1001/142132.460752:ERROR:google_apis/gcm/engine/connection_factory_impl.cc:484] ConnectionHandler failed with net error: -2
[137891:137928:1001/142232.729085:ERROR:google_apis/gcm/engine/connection_factory_impl.cc:484] ConnectionHandler failed with net error: -2
[137891:137928:1001/142333.008582:ERROR:google_apis/gcm/engine/connection_factory_impl.cc:484] ConnectionHandler failed with net error: -2
[137891:137891:1001/142401.068211:ERROR:mojo/public/cpp/bindings/lib/interface_endpoint_client.cc:748] Message 2 rejected by interface blink.mojom.Widget
[137891:137891:1001/142406.802957:ERROR:mojo/public/cpp/bindings/lib/interface_endpoint_client.cc:748] Message 2 rejected by interface blink.mojom.Widget
[137891:137891:1001/142406.803828:ERROR:mojo/public/cpp/bindings/lib/interface_endpoint_client.cc:748] Message 6 rejected by interface blink.mojom.WidgetHost
[137891:137891:1001/142406.803976:ERROR:mojo/public/cpp/bindings/lib/interface_endpoint_client.cc:748] Message 7 rejected by interface blink.mojom.WidgetHost
[137891:137891:1001/142421.770502:ERROR:mojo/public/cpp/bindings/lib/interface_endpoint_client.cc:748] Message 2 rejected by interface blink.mojom.Widget
[137891:137928:1001/142433.267918:ERROR:google_apis/gcm/engine/connection_factory_impl.cc:484] ConnectionHandler failed with net error: -2
[137891:137891:1001/142448.563416:ERROR:mojo/public/cpp/bindings/lib/interface_endpoint_client.cc:748] Message 6 rejected by interface blink.mojom.WidgetHost
[137891:137891:1001/142448.563468:ERROR:mojo/public/cpp/bindings/lib/interface_endpoint_client.cc:748] Message 7 rejected by interface blink.mojom.WidgetHost
[137891:137928:1001/142533.565901:ERROR:google_apis/gcm/engine/connection_factory_impl.cc:484] ConnectionHandler failed with net error: -2
[137891:137928:1001/142633.839981:ERROR:google_apis/gcm/engine/connection_factory_impl.cc:484] ConnectionHandler failed with net error: -2
[137891:137928:1001/142734.115107:ERROR:google_apis/gcm/engine/connection_factory_impl.cc:484] ConnectionHandler failed with net error: -2
[137891:137928:1001/142834.390106:ERROR:google_apis/gcm/engine/connection_factory_impl.cc:484] ConnectionHandler failed with net error: -2
[137891:137928:1001/142934.682714:ERROR:google_apis/gcm/engine/connection_factory_impl.cc:484] ConnectionHandler failed with net error: -2
[137891:137928:1001/143034.971960:ERROR:google_apis/gcm/engine/connection_factory_impl.cc:484] ConnectionHandler failed with net error: -2
[137891:137928:1001/143135.242500:ERROR:google_apis/gcm/engine/connection_factory_impl.cc:484] ConnectionHandler failed with net error: -2
[137891:137891:1001/143147.528110:ERROR:mojo/public/cpp/bindings/lib/interface_endpoint_client.cc:748] Message 2 rejected by interface blink.mojom.Widget
[137891:137891:1001/143147.528162:ERROR:mojo/public/cpp/bindings/lib/interface_endpoint_client.cc:748] Message 6 rejected by interface blink.mojom.WidgetHost
[137891:137891:1001/143147.528266:ERROR:mojo/public/cpp/bindings/lib/interface_endpoint_client.cc:748] Message 7 rejected by interface blink.mojom.WidgetHost
[137891:137928:1001/143235.502241:ERROR:google_apis/gcm/engine/connection_factory_impl.cc:484] ConnectionHandler failed with net error: -2
[137891:137928:1001/143335.771754:ERROR:google_apis/gcm/engine/connection_factory_impl.cc:484] ConnectionHandler failed with net error: -2
[137891:137928:1001/143436.069963:ERROR:google_apis/gcm/engine/connection_factory_impl.cc:484] ConnectionHandler failed with net error: -2
[137891:137928:1001/143536.349434:ERROR:google_apis/gcm/engine/connection_factory_impl.cc:484] ConnectionHandler failed with net error: -2
[137891:137928:1001/143636.619649:ERROR:google_apis/gcm/engine/connection_factory_impl.cc:484] ConnectionHandler failed with net error: -2
[137891:137928:1001/143736.895393:ERROR:google_apis/gcm/engine/connection_factory_impl.cc:484] ConnectionHandler failed with net error: -2
[137891:137928:1001/143837.191902:ERROR:google_apis/gcm/engine/connection_factory_impl.cc:484] ConnectionHandler failed with net error: -2
[137891:137928:1001/143937.471968:ERROR:google_apis/gcm/engine/connection_factory_impl.cc:484] ConnectionHandler failed with net error: -2
[137891:137928:1001/144037.734667:ERROR:google_apis/gcm/engine/connection_factory_impl.cc:484] ConnectionHandler failed with net error: -2
[137891:137891:1001/144039.266349:ERROR:mojo/public/cpp/bindings/lib/interface_endpoint_client.cc:748] Message 2 rejected by interface blink.mojom.Widget
[137891:137891:1001/144039.266629:ERROR:mojo/public/cpp/bindings/lib/interface_endpoint_client.cc:748] Message 6 rejected by interface blink.mojom.WidgetHost
[137891:137891:1001/144039.266823:ERROR:mojo/public/cpp/bindings/lib/interface_endpoint_client.cc:748] Message 7 rejected by interface blink.mojom.WidgetHost
[137891:137891:1001/144129.439524:ERROR:mojo/public/cpp/bindings/lib/interface_endpoint_client.cc:748] Message 7 rejected by interface blink.mojom.WidgetHost
[137891:137928:1001/144138.062372:ERROR:google_apis/gcm/engine/connection_factory_impl.cc:484] ConnectionHandler failed with net error: -2
[137891:137891:1001/144144.553723:ERROR:mojo/public/cpp/bindings/lib/interface_endpoint_client.cc:748] Message 2 rejected by interface blink.mojom.Widget
[137891:137928:1001/144238.393046:ERROR:google_apis/gcm/engine/connection_factory_impl.cc:484] ConnectionHandler failed with net error: -2
[137891:137891:1001/144329.613478:ERROR:mojo/public/cpp/bindings/lib/interface_endpoint_client.cc:748] Message 2 rejected by interface blink.mojom.Widget
[137891:137891:1001/144329.613603:ERROR:mojo/public/cpp/bindings/lib/interface_endpoint_client.cc:748] Message 6 rejected by interface blink.mojom.WidgetHost
[137891:137891:1001/144329.613783:ERROR:mojo/public/cpp/bindings/lib/interface_endpoint_client.cc:748] Message 7 rejected by interface blink.mojom.WidgetHost
[137891:137928:1001/144338.764732:ERROR:google_apis/gcm/engine/connection_factory_impl.cc:484] ConnectionHandler failed with net error: -2
[137891:137928:1001/144439.047449:ERROR:google_apis/gcm/engine/connection_factory_impl.cc:484] ConnectionHandler failed with net error: -2
[137891:137891:1001/144507.489046:ERROR:mojo/public/cpp/bindings/lib/interface_endpoint_client.cc:748] Message 2 rejected by interface blink.mojom.Widget
[137891:137891:1001/144507.489114:ERROR:mojo/public/cpp/bindings/lib/interface_endpoint_client.cc:748] Message 6 rejected by interface blink.mojom.WidgetHost
[137891:137891:1001/144507.489230:ERROR:mojo/public/cpp/bindings/lib/interface_endpoint_client.cc:748] Message 7 rejected by interface blink.mojom.WidgetHost
[137891:137928:1001/144539.343118:ERROR:google_apis/gcm/engine/connection_factory_impl.cc:484] ConnectionHandler failed with net error: -2
[137891:137928:1001/144639.621016:ERROR:google_apis/gcm/engine/connection_factory_impl.cc:484] ConnectionHandler failed with net error: -2
[137891:137928:1001/144739.907969:ERROR:google_apis/gcm/engine/connection_factory_impl.cc:484] ConnectionHandler failed with net error: -2
[137891:137928:1001/144840.186250:ERROR:google_apis/gcm/engine/connection_factory_impl.cc:484] ConnectionHandler failed with net error: -2
[137891:137928:1001/144940.465372:ERROR:google_apis/gcm/engine/connection_factory_impl.cc:484] ConnectionHandler failed with net error: -2
[137891:137928:1001/145040.754104:ERROR:google_apis/gcm/engine/connection_factory_impl.cc:484] ConnectionHandler failed with net error: -2
[137891:137928:1001/145141.030489:ERROR:google_apis/gcm/engine/connection_factory_impl.cc:484] ConnectionHandler failed with net error: -2
[137891:137928:1001/145241.297544:ERROR:google_apis/gcm/engine/connection_factory_impl.cc:484] ConnectionHandler failed with net error: -2
[137891:137928:1001/145341.589206:ERROR:google_apis/gcm/engine/connection_factory_impl.cc:484] ConnectionHandler failed with net error: -2
[137891:137928:1001/145441.876282:ERROR:google_apis/gcm/engine/connection_factory_impl.cc:484] ConnectionHandler failed with net error: -2
[137891:137928:1001/145542.145901:ERROR:google_apis/gcm/engine/connection_factory_impl.cc:484] ConnectionHandler failed with net error: -2
[137891:137928:1001/145642.419655:ERROR:google_apis/gcm/engine/connection_factory_impl.cc:484] ConnectionHandler failed with net error: -2
