{"route":"console#apiKeys","width":1440,"theme":"light","skin":"default","failed":[]}
{"route":"console#modelLibrary","width":1440,"theme":"light","skin":"default","failed":[]}
{"route":"console#bloraAgent/chat","width":1440,"theme":"light","skin":"default","failed":[]}
{"route":"console#bloraAgent/imagine","width":1440,"theme":"light","skin":"default","failed":[]}
{"route":"console#bloraAgent/manage","width":1440,"theme":"light","skin":"default","failed":[]}
{"route":"console#sessions","width":1440,"theme":"light","skin":"default","failed":[]}
{"route":"purchase","width":1440,"theme":"light","skin":"default","failed":[]}
{"route":"admin#adminPlugins","width":1440,"theme":"light","skin":"default","failed":[]}
{"route":"console","width":1440,"theme":"light","skin":"default","failed":[]}
{"route":"admin","width":1440,"theme":"light","skin":"default","failed":[]}
{"route":"console#apiKeys","width":390,"theme":"light","skin":"default","failed":[]}
{"route":"console#modelLibrary","width":390,"theme":"light","skin":"default","failed":[]}
{"route":"console#bloraAgent/chat","width":390,"theme":"light","skin":"default","failed":[]}
{"route":"console#bloraAgent/imagine","width":390,"theme":"light","skin":"default","failed":[]}
{"route":"console#bloraAgent/manage","width":390,"theme":"light","skin":"default","failed":[]}
{"route":"console#sessions","width":390,"theme":"light","skin":"default","failed":[]}
{"route":"purchase","width":390,"theme":"light","skin":"default","failed":[]}
{"route":"admin#adminPlugins","width":390,"theme":"light","skin":"default","failed":[]}
{"route":"console","width":390,"theme":"light","skin":"default","failed":[]}
{"route":"admin","width":390,"theme":"light","skin":"default","failed":[]}
{"route":"console#apiKeys","width":1440,"theme":"dark","skin":"default","failed":[]}
{"route":"console#modelLibrary","width":1440,"theme":"dark","skin":"default","failed":[]}
{"route":"console#bloraAgent/chat","width":1440,"theme":"dark","skin":"default","failed":[]}
{"route":"console#bloraAgent/imagine","width":1440,"theme":"dark","skin":"default","failed":[]}
{"route":"console#bloraAgent/manage","width":1440,"theme":"dark","skin":"default","failed":[]}
{"route":"console#sessions","width":1440,"theme":"dark","skin":"default","failed":[]}
{"route":"purchase","width":1440,"theme":"dark","skin":"default","failed":[]}
{"route":"admin#adminPlugins","width":1440,"theme":"dark","skin":"default","failed":[]}
{"route":"console","width":1440,"theme":"dark","skin":"default","failed":[]}
{"route":"admin","width":1440,"theme":"dark","skin":"default","failed":[]}
{"route":"console#apiKeys","width":390,"theme":"dark","skin":"default","failed":[]}
{"route":"console#modelLibrary","width":390,"theme":"dark","skin":"default","failed":[]}
{"route":"console#bloraAgent/chat","width":390,"theme":"dark","skin":"default","failed":[]}
{"route":"console#bloraAgent/imagine","width":390,"theme":"dark","skin":"default","failed":[]}
{"route":"console#bloraAgent/manage","width":390,"theme":"dark","skin":"default","failed":[]}
{"route":"console#sessions","width":390,"theme":"dark","skin":"default","failed":[]}
{"route":"purchase","width":390,"theme":"dark","skin":"default","failed":[]}
{"route":"admin#adminPlugins","width":390,"theme":"dark","skin":"default","failed":[]}
{"route":"console","width":390,"theme":"dark","skin":"default","failed":[]}
{"route":"admin","width":390,"theme":"dark","skin":"default","failed":[]}
{"route":"console#apiKeys","width":1440,"theme":"light","skin":"ocean","failed":[]}
{"route":"console#apiKeys","width":390,"theme":"light","skin":"ocean","failed":[]}
{"route":"console#apiKeys","width":1440,"theme":"dark","skin":"ocean","failed":[]}
{"route":"console#apiKeys","width":390,"theme":"dark","skin":"ocean","failed":[]}
{"route":"console#apiKeys","width":1440,"theme":"light","skin":"linear","failed":[]}
{"route":"console#apiKeys","width":390,"theme":"light","skin":"linear","failed":[]}
{"route":"console#apiKeys","width":1440,"theme":"dark","skin":"linear","failed":[]}
{"route":"console#apiKeys","width":390,"theme":"dark","skin":"linear","failed":[]}
{"route":"console#apiKeys","width":1440,"theme":"light","skin":"paper","failed":[]}
{"route":"console#apiKeys","width":390,"theme":"light","skin":"paper","failed":[]}
{"route":"console#apiKeys","width":1440,"theme":"dark","skin":"paper","failed":[]}
{"route":"console#apiKeys","width":390,"theme":"dark","skin":"paper","failed":[]}
{"route":"console#apiKeys","width":1440,"theme":"light","skin":"terminal","failed":[]}
{"route":"console#apiKeys","width":390,"theme":"light","skin":"terminal","failed":[]}
{"route":"console#apiKeys","width":1440,"theme":"dark","skin":"terminal","failed":[]}
{"route":"console#apiKeys","width":390,"theme":"dark","skin":"terminal","failed":[]}
{"route":"console#apiKeys","width":1440,"theme":"light","skin":"raycast","failed":[]}
{"route":"console#apiKeys","width":390,"theme":"light","skin":"raycast","failed":[]}
{"route":"console#apiKeys","width":1440,"theme":"dark","skin":"raycast","failed":[]}
{"route":"console#apiKeys","width":390,"theme":"dark","skin":"raycast","failed":[]}
{"route":"console#apiKeys","width":1440,"theme":"light","skin":"classic","failed":[]}
{"route":"console#apiKeys","width":390,"theme":"light","skin":"classic","failed":[]}
{"route":"console#apiKeys","width":1440,"theme":"dark","skin":"classic","failed":[]}
{"route":"console#apiKeys","width":390,"theme":"dark","skin":"classic","failed":[]}
{"route":"console#apiKeys","width":1440,"theme":"light","skin":"all-capabilities-theme","failed":[]}
{"route":"console#apiKeys","width":390,"theme":"light","skin":"all-capabilities-theme","failed":[]}
{"route":"console#apiKeys","width":1440,"theme":"dark","skin":"all-capabilities-theme","failed":[]}
{"route":"console#apiKeys","width":390,"theme":"dark","skin":"all-capabilities-theme","failed":[]}
{"observations":68,"pages":3,"routes":10,"themes":["default","ocean","linear","paper","terminal","raycast","classic","all-capabilities-theme"],"screenshots":146,"passed":944,"failed":0,"errors":0,"sourceChanges":[],"stale":false,"limitations":["Demo only; mutations may not persist. No real OAuth, payment or inference acceptance.","All entry pages get default four combinations. Plugin themes use API keys representative page only.","Viewport screenshots and measured surfaces are not a proof of all offscreen visuals.","Surface evidence contains actual matched stylesheet rules, not an assertion that zero overflow means visual correctness."]}
