{"chromeProfile":"/tmp/blora-correction-chrome-OUMRj8"}

DevTools listening on ws://127.0.0.1:18572/devtools/browser/bd402a38-e959-4e64-894e-3e0a4d4fcd4a
[190665:190701:1001/150230.339198:ERROR:google_apis/gcm/engine/registration_request.cc:291] Registration response error message: PHONE_REGISTRATION_ERROR
[190665:190701:1001/150230.341760:ERROR:google_apis/gcm/engine/registration_request.cc:291] Registration response error message: PHONE_REGISTRATION_ERROR
[190665:190701:1001/150230.350262:ERROR:google_apis/gcm/engine/registration_request.cc:291] Registration response error message: PHONE_REGISTRATION_ERROR
[190665:190701:1001/150230.604518:ERROR:google_apis/gcm/engine/mcs_client.cc:702]   Error code: 401  Error message: Authentication Failed: wrong_secret
[190665:190701:1001/150230.604649:ERROR:google_apis/gcm/engine/mcs_client.cc:704] Failed to log in to GCM, resetting connection.
Created TensorFlow Lite XNNPACK delegate for CPU.
[190665:190701:1001/150256.777050:ERROR:google_apis/gcm/engine/registration_request.cc:291] Registration response error message: DEPRECATED_ENDPOINT
[190665:190701:1001/150354.256978:ERROR:google_apis/gcm/engine/registration_request.cc:291] Registration response error message: DEPRECATED_ENDPOINT
[190665:190701:1001/150358.131649:ERROR:google_apis/gcm/engine/connection_factory_impl.cc:484] ConnectionHandler failed with net error: -2
[190665:190665:1001/150438.111618:ERROR:mojo/public/cpp/bindings/lib/interface_endpoint_client.cc:748] Message 2 rejected by interface blink.mojom.Widget
[190665:190701:1001/150458.391431:ERROR:google_apis/gcm/engine/connection_factory_impl.cc:484] ConnectionHandler failed with net error: -2
Warning: maxDynamicUniformBuffersPerPipelineLayout artificially reduced from 500000 to 16 to fit dynamic offset allocation limit.
Warning: maxDynamicStorageBuffersPerPipelineLayout artificially reduced from 500000 to 16 to fit dynamic offset allocation limit.
WARNING: All log messages before absl::InitializeLog() is called are written to STDERR
I0000 00:00:1790838326.750886  192321 environment.cc:523] Selected adapter: SwiftShader Device (Subzero), arch=swiftshader, vendor=google, backend=Vulkan, adapterType=CPU / Software
[192321:192321:1001/150526.757870:ERROR:services/on_device_model/ml/chrome_ml.cc:101] Terminating On-Device Model Service: Failed creation: Failed to create device:
Required limit (14336) is greater than the supported limit (8192).
 - While validating maxTextureDimension2D
 - While validating required limits

[190665:190665:1001/150526.787364:ERROR:services/on_device_model/public/cpp/service_client.cc:37] Unexpected on_device_model service disconnect; reason: 0, description:
[190665:190665:1001/150533.125691:ERROR:mojo/public/cpp/bindings/lib/interface_endpoint_client.cc:748] Message 2 rejected by interface blink.mojom.Widget
[190665:190701:1001/150534.601685:ERROR:google_apis/gcm/engine/registration_request.cc:291] Registration response error message: DEPRECATED_ENDPOINT
[190665:190701:1001/150558.660197:ERROR:google_apis/gcm/engine/connection_factory_impl.cc:484] ConnectionHandler failed with net error: -2
[190665:190701:1001/150658.954598:ERROR:google_apis/gcm/engine/connection_factory_impl.cc:484] ConnectionHandler failed with net error: -2
[190665:190665:1001/150715.892347:ERROR:mojo/public/cpp/bindings/lib/interface_endpoint_client.cc:748] Message 6 rejected by interface blink.mojom.WidgetHost
[190665:190665:1001/150715.892485:ERROR:mojo/public/cpp/bindings/lib/interface_endpoint_client.cc:748] Message 7 rejected by interface blink.mojom.WidgetHost
[190665:190701:1001/150759.217467:ERROR:google_apis/gcm/engine/connection_factory_impl.cc:484] ConnectionHandler failed with net error: -2
[190665:190701:1001/150859.486386:ERROR:google_apis/gcm/engine/connection_factory_impl.cc:484] ConnectionHandler failed with net error: -2
[190665:190701:1001/150931.792828:ERROR:google_apis/gcm/engine/registration_request.cc:291] Registration response error message: DEPRECATED_ENDPOINT
[190665:190701:1001/150959.750984:ERROR:google_apis/gcm/engine/connection_factory_impl.cc:484] ConnectionHandler failed with net error: -2
[190665:190701:1001/151100.021363:ERROR:google_apis/gcm/engine/connection_factory_impl.cc:484] ConnectionHandler failed with net error: -2
[190665:190701:1001/151200.310612:ERROR:google_apis/gcm/engine/connection_factory_impl.cc:484] ConnectionHandler failed with net error: -2
[190665:190665:1001/151251.685667:ERROR:mojo/public/cpp/bindings/lib/interface_endpoint_client.cc:748] Message 2 rejected by interface blink.mojom.Widget
[190665:190665:1001/151251.685781:ERROR:mojo/public/cpp/bindings/lib/interface_endpoint_client.cc:748] Message 6 rejected by interface blink.mojom.WidgetHost
[190665:190665:1001/151251.685895:ERROR:mojo/public/cpp/bindings/lib/interface_endpoint_client.cc:748] Message 7 rejected by interface blink.mojom.WidgetHost
[190665:190701:1001/151300.587455:ERROR:google_apis/gcm/engine/connection_factory_impl.cc:484] ConnectionHandler failed with net error: -2
[190665:190701:1001/151400.853974:ERROR:google_apis/gcm/engine/connection_factory_impl.cc:484] ConnectionHandler failed with net error: -2
[190665:190665:1001/151405.713985:ERROR:mojo/public/cpp/bindings/lib/interface_endpoint_client.cc:748] Message 2 rejected by interface blink.mojom.Widget
[190665:190665:1001/151419.556800:ERROR:mojo/public/cpp/bindings/lib/interface_endpoint_client.cc:748] Message 6 rejected by interface blink.mojom.WidgetHost
[190665:190665:1001/151419.556854:ERROR:mojo/public/cpp/bindings/lib/interface_endpoint_client.cc:748] Message 7 rejected by interface blink.mojom.WidgetHost
[190665:190665:1001/151453.670825:ERROR:mojo/public/cpp/bindings/lib/interface_endpoint_client.cc:748] Message 2 rejected by interface blink.mojom.Widget
[190665:190665:1001/151453.671135:ERROR:mojo/public/cpp/bindings/lib/interface_endpoint_client.cc:748] Message 6 rejected by interface blink.mojom.WidgetHost
[190665:190665:1001/151453.671287:ERROR:mojo/public/cpp/bindings/lib/interface_endpoint_client.cc:748] Message 7 rejected by interface blink.mojom.WidgetHost
[190665:190701:1001/151501.170652:ERROR:google_apis/gcm/engine/connection_factory_impl.cc:484] ConnectionHandler failed with net error: -2
[190665:190701:1001/151506.732245:ERROR:google_apis/gcm/engine/registration_request.cc:291] Registration response error message: DEPRECATED_ENDPOINT
[190665:190701:1001/151601.579903:ERROR:google_apis/gcm/engine/connection_factory_impl.cc:484] ConnectionHandler failed with net error: -2
[190665:190665:1001/151645.727700:ERROR:mojo/public/cpp/bindings/lib/interface_endpoint_client.cc:748] Message 2 rejected by interface blink.mojom.Widget
[190665:190665:1001/151645.727799:ERROR:mojo/public/cpp/bindings/lib/interface_endpoint_client.cc:748] Message 6 rejected by interface blink.mojom.WidgetHost
[190665:190665:1001/151645.727886:ERROR:mojo/public/cpp/bindings/lib/interface_endpoint_client.cc:748] Message 7 rejected by interface blink.mojom.WidgetHost
[190665:190701:1001/151701.873454:ERROR:google_apis/gcm/engine/connection_factory_impl.cc:484] ConnectionHandler failed with net error: -2
[190665:190701:1001/151802.130395:ERROR:google_apis/gcm/engine/connection_factory_impl.cc:484] ConnectionHandler failed with net error: -2
[190665:190701:1001/151902.378966:ERROR:google_apis/gcm/engine/connection_factory_impl.cc:484] ConnectionHandler failed with net error: -2
[190665:190701:1001/152002.637217:ERROR:google_apis/gcm/engine/connection_factory_impl.cc:484] ConnectionHandler failed with net error: -2
[190665:190701:1001/152102.902408:ERROR:google_apis/gcm/engine/connection_factory_impl.cc:484] ConnectionHandler failed with net error: -2
[190665:190701:1001/152203.165958:ERROR:google_apis/gcm/engine/connection_factory_impl.cc:484] ConnectionHandler failed with net error: -2
[190665:190701:1001/152303.434057:ERROR:google_apis/gcm/engine/connection_factory_impl.cc:484] ConnectionHandler failed with net error: -2
[190665:190701:1001/152403.698368:ERROR:google_apis/gcm/engine/connection_factory_impl.cc:484] ConnectionHandler failed with net error: -2
[190665:190701:1001/152503.962062:ERROR:google_apis/gcm/engine/connection_factory_impl.cc:484] ConnectionHandler failed with net error: -2
