{"route":"admin","width":1440,"theme":"light","consoleErrors":0,"overflow":false,"screenshots":1}
{"route":"admin#adminUsers","width":1440,"theme":"light","consoleErrors":0,"overflow":false,"screenshots":2}
{"route":"admin#adminTeams","width":1440,"theme":"light","consoleErrors":0,"overflow":false,"screenshots":1}
{"route":"admin#adminUserGroups","width":1440,"theme":"light","consoleErrors":0,"overflow":false,"screenshots":1}
{"route":"admin#adminModels","width":1440,"theme":"light","consoleErrors":0,"overflow":false,"screenshots":1}
{"route":"admin#adminProviders","width":1440,"theme":"light","consoleErrors":0,"overflow":false,"screenshots":2}
{"route":"admin#adminPlugins","width":1440,"theme":"light","consoleErrors":0,"overflow":false,"screenshots":1}
{"route":"admin#adminStats","width":1440,"theme":"light","consoleErrors":0,"overflow":false,"screenshots":1}
{"route":"admin#adminErrorLogs","width":1440,"theme":"light","consoleErrors":0,"overflow":false,"screenshots":2}
{"route":"admin#adminAuditLogs","width":1440,"theme":"light","consoleErrors":0,"overflow":false,"screenshots":3}
{"route":"admin#adminPrompts","width":1440,"theme":"light","consoleErrors":0,"overflow":false,"screenshots":3}
{"route":"admin#adminSettings","width":1440,"theme":"light","consoleErrors":1,"overflow":false,"screenshots":2}
{"route":"admin#adminTeams/1","width":1440,"theme":"light","consoleErrors":0,"overflow":false,"screenshots":1}
{"route":"admin#adminUserGroups/1","width":1440,"theme":"light","consoleErrors":0,"overflow":false,"screenshots":1}
{"route":"admin#adminDashboard","width":1440,"theme":"light","consoleErrors":0,"overflow":false,"screenshots":1}
{"route":"console","width":1440,"theme":"light","consoleErrors":0,"overflow":false,"screenshots":1}
{"route":"console#home","width":1440,"theme":"light","consoleErrors":0,"overflow":false,"screenshots":1}
{"route":"console#modelLibrary","width":1440,"theme":"light","consoleErrors":0,"overflow":false,"screenshots":1}
{"route":"console#myUpstream","width":1440,"theme":"light","consoleErrors":0,"overflow":false,"screenshots":1}
{"route":"console#apiKeys","width":1440,"theme":"light","consoleErrors":1,"overflow":false,"screenshots":3}
{"route":"console#stats","width":1440,"theme":"light","consoleErrors":1,"overflow":false,"screenshots":1}
{"route":"console#projectWork","width":1440,"theme":"light","consoleErrors":0,"overflow":false,"screenshots":1}
{"route":"console#leaderboard","width":1440,"theme":"light","consoleErrors":0,"overflow":false,"screenshots":1}
{"route":"console#docs","width":1440,"theme":"light","consoleErrors":0,"overflow":false,"screenshots":1}
{"route":"console#balance","width":1440,"theme":"light","consoleErrors":0,"overflow":false,"screenshots":1}
{"route":"console#settings","width":1440,"theme":"light","consoleErrors":3,"overflow":false,"screenshots":1}
{"route":"console#auditLogs","width":1440,"theme":"light","consoleErrors":0,"overflow":false,"screenshots":2}
